digraph callgraph {
"main" -> "callback" [style=dotted];

}
