digraph callgraph {
"main" -> "callback" [style=dotted];
"main" -> "say_hello" [style=solid];

}
