digraph callgraph {
"main" -> "say_bye" [style=solid];
"main" -> "say_hello" [style=solid];
}
