digraph callgraph {
"main" -> "callback" [style=dotted];
"main" -> "say_bye" [style=solid];
"main" -> "say_hello" [style=solid];

}
